loaded 2 pairs (lax-eggy, zapdos), gauntlet [0, 4], budget 1000, games/cell 256, seed 20260811
18 cells scheduled, 0 already done, 18 to run
[1/18] cell-lax-eggy-g0-ta-ba-i1000.json ...
    X score 0.617, 256 games, caps 0, 337s (1.3 s/game), X 58 / Y 58 ms/move
[2/18] cell-lax-eggy-g0-ta-bb-i1000.json ...
    X score 0.617, 256 games, caps 0, 299s (1.2 s/game), X 59 / Y 56 ms/move
[3/18] cell-lax-eggy-g0-tb-bb-i1000.json ...
    X score 0.582, 256 games, caps 0, 212s (0.8 s/game), X 55 / Y 56 ms/move
[4/18] cell-lax-eggy-g0-tb-ba-i1000.json ...
    X score 0.617, 256 games, caps 0, 226s (0.9 s/game), X 55 / Y 56 ms/move
[5/18] cell-lax-eggy-g4-ta-ba-i1000.json ...
    X score 0.551, 256 games, caps 0, 110s (0.4 s/game), X 46 / Y 48 ms/move
[6/18] cell-lax-eggy-g4-ta-bb-i1000.json ...
    X score 0.574, 256 games, caps 0, 110s (0.4 s/game), X 46 / Y 47 ms/move
[7/18] cell-lax-eggy-g4-tb-bb-i1000.json ...
    X score 0.551, 256 games, caps 0, 101s (0.4 s/game), X 45 / Y 48 ms/move
[8/18] cell-lax-eggy-g4-tb-ba-i1000.json ...
    X score 0.594, 256 games, caps 0, 103s (0.4 s/game), X 44 / Y 48 ms/move
[9/18] cell-zapdos-g0-ta-ba-i1000.json ...
    X score 0.559, 256 games, caps 0, 150s (0.6 s/game), X 54 / Y 52 ms/move
[10/18] cell-zapdos-g0-ta-bb-i1000.json ...
    X score 0.684, 256 games, caps 0, 177s (0.7 s/game), X 50 / Y 53 ms/move
[11/18] cell-zapdos-g0-tb-bb-i1000.json ...
    X score 0.672, 256 games, caps 0, 150s (0.6 s/game), X 51 / Y 51 ms/move
[12/18] cell-zapdos-g0-tb-ba-i1000.json ...
    X score 0.672, 256 games, caps 0, 138s (0.5 s/game), X 50 / Y 50 ms/move
[13/18] cell-zapdos-g4-ta-ba-i1000.json ...
    X score 0.570, 256 games, caps 0, 78s (0.3 s/game), X 43 / Y 42 ms/move
[14/18] cell-zapdos-g4-ta-bb-i1000.json ...
    X score 0.742, 256 games, caps 0, 82s (0.3 s/game), X 43 / Y 43 ms/move
[15/18] cell-zapdos-g4-tb-bb-i1000.json ...
    X score 0.551, 256 games, caps 0, 83s (0.3 s/game), X 43 / Y 44 ms/move
[16/18] cell-zapdos-g4-tb-ba-i1000.json ...
    X score 0.590, 256 games, caps 0, 93s (0.4 s/game), X 45 / Y 45 ms/move
[17/18] cell-lax-eggy-g0-ta-bopen-i1000.json ...
    X score 0.570, 256 games, caps 0, 311s (1.2 s/game), X 59 / Y 59 ms/move
[18/18] cell-lax-eggy-g0-ta-bweak-i1000.json ...
    X score 0.836, 256 games, caps 0, 231s (0.9 s/game), X 56 / Y 64 ms/move
all cells done; run with --summarize for the aggregate
loaded 2 pairs (lax-eggy, zapdos), gauntlet [0, 4], budget 3000, games/cell 128, seed 20260811
18 cells scheduled, 0 already done, 18 to run
[1/18] cell-lax-eggy-g0-ta-ba-i3000.json ...
    X score 0.648, 128 games, caps 0, 577s (4.5 s/game), X 190 / Y 188 ms/move
[2/18] cell-lax-eggy-g0-ta-bb-i3000.json ...
    X score 0.742, 128 games, caps 0, 546s (4.3 s/game), X 193 / Y 185 ms/move
[3/18] cell-lax-eggy-g0-tb-bb-i3000.json ...
    X score 0.625, 128 games, caps 0, 352s (2.7 s/game), X 172 / Y 173 ms/move
[4/18] cell-lax-eggy-g0-tb-ba-i3000.json ...
    X score 0.680, 128 games, caps 0, 396s (3.1 s/game), X 183 / Y 187 ms/move
[5/18] cell-lax-eggy-g4-ta-ba-i3000.json ...
    X score 0.523, 128 games, caps 0, 167s (1.3 s/game), X 147 / Y 155 ms/move
[6/18] cell-lax-eggy-g4-ta-bb-i3000.json ...
    X score 0.555, 128 games, caps 0, 174s (1.4 s/game), X 151 / Y 159 ms/move
[7/18] cell-lax-eggy-g4-tb-bb-i3000.json ...
    X score 0.484, 128 games, caps 0, 165s (1.3 s/game), X 148 / Y 160 ms/move
[8/18] cell-lax-eggy-g4-tb-ba-i3000.json ...
    X score 0.578, 128 games, caps 0, 163s (1.3 s/game), X 140 / Y 153 ms/move
[9/18] cell-zapdos-g0-ta-ba-i3000.json ...
    X score 0.594, 128 games, caps 0, 216s (1.7 s/game), X 170 / Y 164 ms/move
[10/18] cell-zapdos-g0-ta-bb-i3000.json ...
    X score 0.656, 128 games, caps 0, 302s (2.4 s/game), X 154 / Y 169 ms/move
[11/18] cell-zapdos-g0-tb-bb-i3000.json ...
    X score 0.758, 128 games, caps 0, 245s (1.9 s/game), X 172 / Y 169 ms/move
[12/18] cell-zapdos-g0-tb-ba-i3000.json ...
    X score 0.742, 128 games, caps 0, 242s (1.9 s/game), X 176 / Y 172 ms/move
[13/18] cell-zapdos-g4-ta-ba-i3000.json ...
    X score 0.508, 128 games, caps 0, 145s (1.1 s/game), X 154 / Y 155 ms/move
[14/18] cell-zapdos-g4-ta-bb-i3000.json ...
    X score 0.820, 128 games, caps 0, 119s (0.9 s/game), X 142 / Y 139 ms/move
[15/18] cell-zapdos-g4-tb-bb-i3000.json ...
    X score 0.602, 128 games, caps 0, 139s (1.1 s/game), X 142 / Y 144 ms/move
[16/18] cell-zapdos-g4-tb-ba-i3000.json ...
    X score 0.609, 128 games, caps 0, 183s (1.4 s/game), X 150 / Y 149 ms/move
[17/18] cell-lax-eggy-g0-ta-bopen-i3000.json ...
    X score 0.617, 128 games, caps 0, 531s (4.1 s/game), X 187 / Y 185 ms/move
[18/18] cell-lax-eggy-g0-ta-bweak-i3000.json ...
    X score 0.875, 128 games, caps 0, 386s (3.0 s/game), X 177 / Y 199 ms/move
all cells done; run with --summarize for the aggregate
loaded 2 pairs (lax-eggy, zapdos), gauntlet [0, 4], budget 1000, games/cell 128, seed 20260811
screen lax-eggy vs g0: across-belief TVD 0.181 vs within-belief floor 0.133 (x1.36); top1 A [88, 44, 44, 44] B [88, 44, 88, 88]
screen lax-eggy vs g4: across-belief TVD 0.166 vs within-belief floor 0.168 (x0.98); top1 A [89, 71, 16, 16] B [19, 71, 17, 71]
screen zapdos vs g0: across-belief TVD 0.219 vs within-belief floor 0.160 (x1.37); top1 A [82, 86, 46, 82] B [8, 42, 86, 42]
screen zapdos vs g4: across-belief TVD 0.258 vs within-belief floor 0.178 (x1.45); top1 A [64, 71, 47, 71] B [53, 46, 83, 46]
wrote data/exp-siv-v1/cells/screen-i20000.json
=== ALL RUNS COMPLETE ===
loaded 2 pairs (lax-eggy, zapdos), gauntlet [0, 4], budget 1000, games/cell 256, seed 20260811
24 cells scheduled, 16 already done, 8 to run
[1/8] cell-lax-eggy-g0-ta-bblind-i1000.json ...
    X score 0.641, 256 games, caps 0, 290s (1.1 s/game), X 60 / Y 60 ms/move
[2/8] cell-lax-eggy-g0-tb-bblind-i1000.json ...
    X score 0.621, 256 games, caps 0, 234s (0.9 s/game), X 56 / Y 57 ms/move
[3/8] cell-lax-eggy-g4-ta-bblind-i1000.json ...
    X score 0.559, 256 games, caps 0, 111s (0.4 s/game), X 46 / Y 47 ms/move
[4/8] cell-lax-eggy-g4-tb-bblind-i1000.json ...
    X score 0.539, 256 games, caps 0, 104s (0.4 s/game), X 45 / Y 48 ms/move
[5/8] cell-zapdos-g0-ta-bblind-i1000.json ...
    X score 0.605, 256 games, caps 0, 146s (0.6 s/game), X 54 / Y 52 ms/move
[6/8] cell-zapdos-g0-tb-bblind-i1000.json ...
    X score 0.668, 256 games, caps 0, 150s (0.6 s/game), X 50 / Y 49 ms/move
[7/8] cell-zapdos-g4-ta-bblind-i1000.json ...
    X score 0.645, 256 games, caps 0, 88s (0.3 s/game), X 48 / Y 47 ms/move
[8/8] cell-zapdos-g4-tb-bblind-i1000.json ...
    X score 0.633, 256 games, caps 0, 85s (0.3 s/game), X 44 / Y 44 ms/move
all cells done; run with --summarize for the aggregate
loaded 2 pairs (lax-eggy, zapdos), gauntlet [0, 4], budget 3000, games/cell 128, seed 20260811
24 cells scheduled, 16 already done, 8 to run
[1/8] cell-lax-eggy-g0-ta-bblind-i3000.json ...
    X score 0.648, 128 games, caps 0, 545s (4.3 s/game), X 187 / Y 184 ms/move
[2/8] cell-lax-eggy-g0-tb-bblind-i3000.json ...
    X score 0.578, 128 games, caps 0, 414s (3.2 s/game), X 181 / Y 183 ms/move
[3/8] cell-lax-eggy-g4-ta-bblind-i3000.json ...
    X score 0.461, 128 games, caps 0, 162s (1.3 s/game), X 146 / Y 152 ms/move
[4/8] cell-lax-eggy-g4-tb-bblind-i3000.json ...
    X score 0.547, 128 games, caps 0, 154s (1.2 s/game), X 138 / Y 147 ms/move
[5/8] cell-zapdos-g0-ta-bblind-i3000.json ...
    X score 0.523, 128 games, caps 0, 259s (2.0 s/game), X 171 / Y 165 ms/move
[6/8] cell-zapdos-g0-tb-bblind-i3000.json ...
    X score 0.750, 128 games, caps 0, 264s (2.1 s/game), X 164 / Y 162 ms/move
[7/8] cell-zapdos-g4-ta-bblind-i3000.json ...
    X score 0.539, 128 games, caps 0, 130s (1.0 s/game), X 139 / Y 138 ms/move
[8/8] cell-zapdos-g4-tb-bblind-i3000.json ...
    X score 0.586, 128 games, caps 0, 155s (1.2 s/game), X 155 / Y 152 ms/move
all cells done; run with --summarize for the aggregate
=== PHASE2 COMPLETE ===
loaded 1 pairs (zapdos), gauntlet [4], budget 10000, games/cell 96, seed 20260811
6 cells scheduled, 0 already done, 6 to run
[1/6] cell-zapdos-g4-ta-ba-i10000.json ...
    X score 0.771, 96 games, caps 0, 307s (3.2 s/game), X 485 / Y 474 ms/move
[2/6] cell-zapdos-g4-ta-bb-i10000.json ...
    X score 0.792, 96 games, caps 0, 296s (3.1 s/game), X 508 / Y 498 ms/move
[3/6] cell-zapdos-g4-tb-bb-i10000.json ...
    X score 0.521, 96 games, caps 0, 368s (3.8 s/game), X 492 / Y 511 ms/move
[4/6] cell-zapdos-g4-tb-ba-i10000.json ...
    X score 0.667, 96 games, caps 0, 443s (4.6 s/game), X 513 / Y 511 ms/move
[5/6] cell-zapdos-g4-ta-bblind-i10000.json ...
    X score 0.594, 96 games, caps 0, 314s (3.3 s/game), X 485 / Y 482 ms/move
[6/6] cell-zapdos-g4-tb-bblind-i10000.json ...
    X score 0.552, 96 games, caps 0, 452s (4.7 s/game), X 519 / Y 520 ms/move
all cells done; run with --summarize for the aggregate
=== SPOT10K COMPLETE ===
